host=cn116.delta.ncsa.illinois.edu nodes=1 variants=scripts/ab/7.1-flush-policy.txt scale=20 ppn=16 reps=5
uniform: 1048576 vertices, 16764135 edges, mean out-degree 15.99, max 32, 31538 isolated (3.0%)
mesh: 1048576 vertices, 4190208 edges, mean out-degree 4.00, max 4, 0 isolated (0.0%)
rmat: 1048576 vertices, 16776045 edges, mean out-degree 16.00, max 69197, 501926 isolated (47.9%)
scale=2^20 (V=1048576, E=16777216; mesh 1024x1024), ppn=16, reps=5
== A/B: scripts/ab/7.1-flush-policy.txt ==
    rep 1 uniform fixed: ok 0.233843
    rep 1 uniform interval1: ok 0.219247
    rep 1 uniform adaptive: ok 0.219759
    rep 1 mesh fixed: ok 2.228025
    rep 1 mesh interval1: ok 0.652517
    rep 1 mesh adaptive: ok 0.612875
    rep 1 rmat fixed: ok 0.281653
    rep 1 rmat interval1: ok 0.247897
    rep 1 rmat adaptive: ok 0.223124
    rep 2 uniform fixed: ok 0.226910
    rep 2 uniform interval1: ok 0.248298
    rep 2 uniform adaptive: ok 0.238725
    rep 2 mesh fixed: ok 2.226666
    rep 2 mesh interval1: ok 0.652013
    rep 2 mesh adaptive: ok 0.655886
    rep 2 rmat fixed: ok 0.222398
    rep 2 rmat interval1: ok 0.210152
    rep 2 rmat adaptive: ok 0.220771
    rep 3 uniform fixed: ok 0.210016
    rep 3 uniform interval1: ok 0.229758
    rep 3 uniform adaptive: ok 0.270614
    rep 3 mesh fixed: ok 3.020744
    rep 3 mesh interval1: ok 0.801905
    rep 3 mesh adaptive: ok 0.832821
    rep 3 rmat fixed: ok 0.210665
    rep 3 rmat interval1: ok 0.243048
    rep 3 rmat adaptive: ok 0.231301
    rep 4 uniform fixed: ok 0.205454
    rep 4 uniform interval1: ok 0.239918
    rep 4 uniform adaptive: ok 0.256771
    rep 4 mesh fixed: ok 2.281086
    rep 4 mesh interval1: ok 0.650327
    rep 4 mesh adaptive: ok 0.655401
    rep 4 rmat fixed: ok 0.225207
    rep 4 rmat interval1: ok 0.256173
    rep 4 rmat adaptive: ok 0.220861
    rep 5 uniform fixed: ok 0.268886
    rep 5 uniform interval1: ok 0.259589
    rep 5 uniform adaptive: ok 0.270337
    rep 5 mesh fixed: ok 3.070369
    rep 5 mesh interval1: ok 0.808909
    rep 5 mesh adaptive: ok 0.829440
    rep 5 rmat fixed: ok 0.227680
    rep 5 rmat interval1: ok 0.227870
    rep 5 rmat adaptive: ok 0.247396
Results under ab-7.1-1n/. Summarise with scripts/diag_report.py ab-7.1-1n
== report ==
A/B  baseline = fixed; medians over repetitions, spread is min..max compute_s

  mesh
    variant    compute_s  spread          vs base  failed  rounds  rej/|E|  tram_msgs  bytes_sent  stale_flushes
    ---------  ---------  --------------  -------  ------  ------  -------  ---------  ----------  -------------
    fixed      2.281      2.227..3.07     1.00x    0       17967   1.091    28124      146881232   0            
    interval1  0.6525     0.6503..0.8089  0.29x    0       3786    1.054    29287      141866056   0            
    adaptive   0.6559     0.6129..0.8328  0.29x    0       3731    1.045    26069      140619424   26054        

  rmat
    variant    compute_s  spread          vs base  failed  rounds  rej/|E|  tram_msgs  bytes_sent  stale_flushes
    ---------  ---------  --------------  -------  ------  ------  -------  ---------  ----------  -------------
    fixed      0.2252     0.2107..0.2817  1.00x    0       308     1.158    10601      480697680   0            
    interval1  0.243      0.2102..0.2562  1.08x    0       294     1.131    12185      469882736   0            
    adaptive   0.2231     0.2208..0.2474  0.99x    0       292     1.158    11654      480696296   2306         

  uniform
    variant    compute_s  spread          vs base  failed  rounds  rej/|E|  tram_msgs  bytes_sent  stale_flushes
    ---------  ---------  --------------  -------  ------  ------  -------  ---------  ----------  -------------
    fixed      0.2269     0.2055..0.2689  1.00x    0       374     0.9352   8823       402675648   0            
    interval1  0.2399     0.2192..0.2596  1.06x    0       383     0.9371   10445      403518832   0            
    adaptive   0.2568     0.2198..0.2706  1.13x    0       376     0.9372   9632       403578688   1712         

