host=cn047.delta.ncsa.illinois.edu nodes=1 variants=scripts/ab/7.3-width-sweep-mesh.txt scale=20 ppn=16 reps=5
uniform: 1048576 vertices, 16764135 edges, mean out-degree 15.99, max 32, 31538 isolated (3.0%)
mesh: 1048576 vertices, 4190208 edges, mean out-degree 4.00, max 4, 0 isolated (0.0%)
rmat: 1048576 vertices, 16776045 edges, mean out-degree 16.00, max 69197, 501926 isolated (47.9%)
scale=2^20 (V=1048576, E=16777216; mesh 1024x1024), ppn=16, reps=5
== A/B: scripts/ab/7.3-width-sweep-mesh.txt ==
    rep 1 mesh x1: ok 0.677221
    rep 1 mesh x0.015625: ok 0.583713
    rep 1 mesh x0.03125: ok 0.594111
    rep 1 mesh x0.0625: ok 0.690416
    rep 1 mesh x0.125: ok 0.986895
    rep 1 mesh x0.25: ok 1.057961
    rep 1 mesh x0.5: ok 0.854137
    rep 1 mesh x2: ok 0.601365
    rep 1 mesh x4: ok 0.557531
    rep 1 mesh x8: ok 0.622669
    rep 1 mesh x16: ok 0.600785
    rep 2 mesh x1: ok 0.682960
    rep 2 mesh x0.015625: ok 0.538908
    rep 2 mesh x0.03125: ok 0.597076
    rep 2 mesh x0.0625: ok 0.690278
    rep 2 mesh x0.125: ok 0.975425
    rep 2 mesh x0.25: ok 1.050766
    rep 2 mesh x0.5: ok 0.810043
    rep 2 mesh x2: ok 0.618455
    rep 2 mesh x4: ok 0.552735
    rep 2 mesh x8: ok 0.566776
    rep 2 mesh x16: ok 0.582317
    rep 3 mesh x1: ok 0.662199
    rep 3 mesh x0.015625: ok 0.572835
    rep 3 mesh x0.03125: ok 0.582802
    rep 3 mesh x0.0625: ok 0.682996
    rep 3 mesh x0.125: ok 0.989398
    rep 3 mesh x0.25: ok 1.086836
    rep 3 mesh x0.5: ok 0.798553
    rep 3 mesh x2: ok 0.594597
    rep 3 mesh x4: ok 0.547750
    rep 3 mesh x8: ok 0.564436
    rep 3 mesh x16: ok 0.567612
    rep 4 mesh x1: ok 0.705361
    rep 4 mesh x0.015625: ok 0.583820
    rep 4 mesh x0.03125: ok 0.614220
    rep 4 mesh x0.0625: ok 0.723993
    rep 4 mesh x0.125: ok 0.978628
    rep 4 mesh x0.25: ok 1.033626
    rep 4 mesh x0.5: ok 0.824103
    rep 4 mesh x2: ok 0.576964
    rep 4 mesh x4: ok 0.565208
    rep 4 mesh x8: ok 0.570032
    rep 4 mesh x16: ok 0.596740
    rep 5 mesh x1: ok 0.671614
    rep 5 mesh x0.015625: ok 0.585327
    rep 5 mesh x0.03125: ok 0.604833
    rep 5 mesh x0.0625: ok 0.712562
    rep 5 mesh x0.125: ok 0.992841
    rep 5 mesh x0.25: ok 1.048867
    rep 5 mesh x0.5: ok 0.828097
    rep 5 mesh x2: ok 0.584039
    rep 5 mesh x4: ok 0.562687
    rep 5 mesh x8: ok 0.590471
    rep 5 mesh x16: ok 0.594379
Results under ab-out-7.3-width-sweep-mesh-1n/. Summarise with scripts/diag_report.py ab-out-7.3-width-sweep-mesh-1n
== report ==
A/B  baseline = x1; medians over repetitions, spread is min..max compute_s

  mesh
    variant    compute_s  spread          vs base  failed  rounds  rej/|E|  tram_msgs  bytes_sent  stale_flushes  absorbed/|E|  hold_absorb%  created   dist_changes
    ---------  ---------  --------------  -------  ------  ------  -------  ---------  ----------  -------------  ------------  ------------  --------  ------------
    x1         0.6772     0.6622..0.7054  1.00x    0       3727    1.051    26063      141466328   26049          0             -             5877055   1824762     
    x0.015625  0.5837     0.5389..0.5853  0.86x    0       1756    6.133    19389      822807768   4946           0             -             34270613  9518922     
    x0.03125   0.5971     0.5828..0.6142  0.88x    0       1872    5.964    19289      800161744   5083           0             -             33327218  9240561     
    x0.0625    0.6904     0.683..0.724    1.02x    0       3191    5.053    21378      678005672   12148          0             -             28235967  7915116     
    x0.125     0.9869     0.9754..0.9928  1.46x    0       5478    2.772    34860      372379112   32925          0             -             15492607  4467697     
    x0.25      1.051      1.034..1.087    1.55x    0       5962    1.124    40440      151482176   40386          0             -             6284780   1953729     
    x0.5       0.8241     0.7986..0.8541  1.22x    0       4616    1.126    31984      151587064   31960          0             -             6294805   1944220     
    x2         0.5946     0.577..0.6185   0.88x    0       3272    1.132    22517      152237624   22505          0             -             6328225   1979830     
    x4         0.5575     0.5477..0.5652  0.82x    0       3116    1.365    20420      183402992   20413          0             -             7628178   2348673     
    x8         0.57       0.5644..0.6227  0.84x    0       3183    1.797    19431      241398248   19412          0             -             10045329  3029611     
    x16        0.5944     0.5676..0.6008  0.88x    0       3081    2.518    18812      338067360   18615          0             -             14073552  4155582     

